c:\Users\HP\PycharmProjects\esfe-core\.venv\Scripts\python.exe : Creating test database for alias 'default' 
('file:memorydb_default?mode=memory&cache=shared')...
Au caractère Ligne:1 : 1
+ c:\Users\HP\PycharmProjects\esfe-core\.venv\Scripts\python.exe c:\Use ...
+ ~~~~~~~~~~~~~~~~~~~~~~~~~~~~~~~~~~~~~~~~~~~~~~~~~~~~~~~~~~~~~~~~~~~~~
    + CategoryInfo          : NotSpecified: (Creating test d...che=shared')...:String) [], RemoteException
    + FullyQualifiedErrorId : NativeCommandError
 

Found 1 test(s).
Operations to perform:
  Synchronize unmigrated apps: channels, daphne, django_ckeditor_5, django_components, humanize, messages, sitemaps, staticfiles
  Apply all migrations: academic_cycle, academics, accounts, admin, admissions, auth, axes, blog, branches, community, contenttypes, core, coupons, formations, inscriptions, marketing, memoires, news, notifier, payments, portal, secretary, sessions, shop, students, superadmin
Synchronizing apps without migrations:
  Creating tables...
    Running deferred SQL...
Running migrations:
  Applying contenttypes.0001_initial... OK
  Applying auth.0001_initial... OK
  Applying branches.0001_initial... OK
  Applying branches.0002_branch_image... OK
  Applying branches.0003_branch_cash_reserve_target... OK
  Applying formations.0001_initial... OK
  Applying admissions.0001_initial... OK
  Applying inscriptions.0001_initial... OK
  Applying students.0001_initial... OK
  Applying inscriptions.0002_alter_inscription_status... OK
  Applying inscriptions.0003_statushistory... OK
  Applying inscriptions.0004_inscription_archived_at_inscription_is_archived... OK
  Applying students.0002_alter_student_options_alter_student_matricule_and_more... OK
  Applying formations.0002_programme_career_opportunities_and_more... OK
  Applying formations.0003_cycle_theme... OK
  Applying formations.0004_alter_cycle_theme... OK
  Applying formations.0005_competenceblock_competenceitem_programmetab_and_more... OK
  Applying formations.0006_programme_updated_at_alter_cycle_theme... OK
  Applying formations.0002_programavailability... OK
  Applying formations.0007_merge_20260417_1228... OK
  Applying formations.0008_delete_programavailability... OK
  Applying admissions.0002_candidature_branch... OK
  Applying admissions.0003_alter_candidature_academic_year_and_more... OK
  Applying inscriptions.0005_alter_statushistory_options_inscription_updated_at_and_more... OK
  Applying academics.0001_initial... OK
  Applying academics.0002_academicenrollment_academic_class... OK
  Applying academics.0003_alter_academicclass_options_and_more... OK
  Applying academics.0004_alter_ecgrade_note... OK
  Applying academics.0005_ecgrade_sessions... OK
  Applying academics.0006_semester_status... OK
  Applying academics.0007_backfill_semester_status... OK
  Applying academics.0008_eccontent... OK
  Applying academics.0009_ecchapter_restructure_eccontent... OK
  Applying academics.0010_eccontent_duration_eccontent_is_active_and_more... OK
  Applying academics.0011_academicscheduleevent_academicschedulechangelog_and_more... OK
  Applying academics.0012_lessonlog... OK
  Applying students.0003_attendancealert_studentattendance_teacherattendance... OK
  Applying students.0004_remove_studentattendance_students_unique_attendance_student_date_and_more... OK
  Applying students.0005_attendancerollsheet... OK
  Applying students.0006_rename_students_at_branch_2f5f0d_idx_students_at_branch__7fbe04_idx... OK
  Applying students.0007_add_student_case_models... OK
  Applying academics.0012_classpresencecheck_surveillancenote... OK
  Applying academics.0013_merge_20260430_0744... OK
  Applying academics.0014_remove_classpresencecheck_academics_c_branch__e2e6f6_idx_and_more... OK
  Applying academics.0015_weekly_schedule_slot... OK
  Applying academics.0016_language_profession... OK
  Applying academics.0017_academic_archive_flags... OK
  Applying academics.0018_academicenrollment_status... OK
  Applying students.0008_student_current_academic_enrollment_and_more... OK
  Applying inscriptions.0006_inscription_academic_class_and_more... OK
  Applying students.0009_studentyeardecision_academic_validated_at_and_more... OK
  Applying students.0010_studentyeardecision_rejected_at_and_more... OK
  Applying students.0011_studentyeardecision_decision_payload_and_more... OK
  Applying academics.0019_academicbulletin_academicdiplomaaward... OK
  Applying academics.0020_add_admissibility_gap... OK
  Applying academics.0021_academicdebt... OK
  Applying academics.0022_academic_decision_log... OK
  Applying academic_cycle.0001_initial... OK
  Applying academic_cycle.0002_grademodificationrequest... OK
  Applying formations.0009_programme_meta_description_programme_meta_title_and_more... OK
  Applying academics.0023_academiccalendar_academiccalendarentry_and_more... OK
  Applying academics.0024_academiccalendar_validated_status... OK
  Applying accounts.0001_initial... OK
  Applying accounts.0002_profile_badge_bronze_profile_badge_gold_and_more... OK
  Applying accounts.0003_alter_profile_options_alter_profile_created_at_and_more... OK
  Applying accounts.0004_profile_branch_profile_role_alter_profile_avatar_and_more... OK
  Applying accounts.0005_profile_user_type... OK
  Applying accounts.0006_profile_accounts_pr_user_ty_77c9a6_idx... OK
  Applying accounts.0007_profile_position... OK
  Applying accounts.0008_rename_accounts_pr_position_250d35_idx_accounts_pr_positio_bcd247_idx_and_more... OK
  Applying accounts.0009_payrollentry_profile_employee_code_and_more... OK
  Applying accounts.0010_branchexpense_branchcashmovement_and_more... OK
  Applying accounts.0011_accountingdocumentsequence_and_more... OK
  Applying accounts.0012_alter_branchcashmovement_source... OK
  Applying accounts.0013_alter_profile_position... OK
  Applying accounts.0014_alter_payrollentry_status... OK
  Applying accounts.0015_profile_contact_fields_userpreference... OK
  Applying accounts.0016_alter_profile_position_dga... OK
  Applying accounts.0017_alter_profile_position... OK
  Applying accounts.0018_teacher_honorarium_branch_closure_and_bank_transfer... OK
  Applying accounts.0019_alter_branchcashmovement_source_donation... OK
  Applying accounts.0020_userpreference_internal_rules_accepted_at... OK
  Applying accounts.0021_sensitiveactionrequest_financialauditlog_and_more... OK
  Applying accounts.0022_alter_sensitiveactionrequest_action_type... OK
  Applying accounts.0023_alter_branchcashmovement_source... OK
  Applying admin.0001_initial... OK
  Applying admin.0002_logentry_remove_auto_add... OK
  Applying admin.0003_logentry_add_action_flag_choices... OK
  Applying admissions.0004_candidature_completion_message_and_more... OK
  Applying contenttypes.0002_remove_content_type_name... OK
  Applying auth.0002_alter_permission_name_max_length... OK
  Applying auth.0003_alter_user_email_max_length... OK
  Applying auth.0004_alter_user_username_opts... OK
  Applying auth.0005_alter_user_last_login_null... OK
  Applying auth.0006_require_contenttypes_0002... OK
  Applying auth.0007_alter_validators_add_error_messages... OK
  Applying auth.0008_alter_user_username_max_length... OK
  Applying auth.0009_alter_user_last_name_max_length... OK
  Applying auth.0010_alter_group_name_max_length... OK
  Applying auth.0011_update_proxy_permissions... OK
  Applying auth.0012_alter_user_first_name_max_length... OK
  Applying axes.0001_initial... OK
  Applying axes.0002_auto_20151217_2044... OK
  Applying axes.0003_auto_20160322_0929... OK
  Applying axes.0004_auto_20181024_1538... OK
  Applying axes.0005_remove_accessattempt_trusted... OK
  Applying axes.0006_remove_accesslog_trusted... OK
  Applying axes.0007_alter_accessattempt_unique_together... OK
  Applying axes.0008_accessfailurelog... OK
  Applying axes.0009_add_session_hash... OK
  Applying axes.0010_accessattemptexpiration... OK
  Applying blog.0001_initial... OK
  Applying blog.0002_comment_approved_at_comment_approved_by_and_more... OK
  Applying blog.0003_commentlike_flagged... OK
  Applying blog.0004_alter_comment_options_remove_commentlike_flagged_and_more... OK
  Applying blog.0005_alter_commentlike_options_commentlike_reaction_type_and_more... OK
  Applying blog.0006_remove_comment_blog_commen_status_74f07c_idx_and_more... OK
  Applying blog.0007_alter_commentlike_unique_together_and_more... OK
  Applying community.0001_initial... OK
  Applying community.0002_topic_is_deleted_topic_is_edited_topic_updated_by_and_more... OK
  Applying community.0003_alter_topic_content... OK
  Applying community.0004_notification... OK
  Applying community.0005_category_color_category_created_at_category_icon_and_more... OK
  Applying community.0006_remove_notification_community_n_user_id_12ced1_idx_and_more... OK
  Applying community.0007_report... OK
  Applying community.0008_badgedefinition_xpconfig_leaderboardentry_and_more... OK
  Applying community.0009_topic_is_pinned... OK
  Applying notifier.0001_initial... OK
  Applying payments.0001_initial... OK
  Applying core.0001_initial... OK
  Applying core.0002_aboutsection_content_legalpage_introduction_and_more... OK
  Applying core.0003_statushistory_notification... OK
  Applying core.0004_partner_testimonial... OK
  Applying core.0005_infrastructure_institutionpresentation_staff_value_and_more... OK
  Applying core.0006_siteconfiguration_and_more... OK
  Applying core.0007_alter_siteconfiguration_about_hero_image_and_more... OK
  Applying core.0008_siteconfiguration_about_hero_background_image... OK
  Applying core.0009_alter_siteconfiguration_home_hero_title... OK
  Applying core.0010_migrate_and_delete_legacy_notification... OK
  Applying coupons.0001_initial... OK
  Applying marketing.0001_initial... OK
  Applying memoires.0001_initial... OK
  Applying memoires.0002_alter_memoire_resume... OK
  Applying news.0001_initial... OK
  Applying news.0002_program_news_program... OK
  Applying news.0003_alter_news_options_and_more... OK
  Applying news.0004_alter_news_slug... OK
  Applying news.0005_resultsession... OK
  Applying news.0006_alter_resultsession_options_and_more... OK
  Applying news.0007_eventtype_event_mediaitem_and_more... OK
  Applying news.0008_alter_eventtype_options_and_more... OK
  Applying payments.0002_paymentagent_branch... OK
  Applying payments.0003_alter_payment_amount_alter_payment_reference_and_more... OK
  Applying payments.0004_alter_cashpaymentsession_options_and_more... OK
  Applying payments.0005_payment_cash_session... OK
  Applying payments.0006_paymentcorrection_financiallog... OK
  Applying payments.0007_alter_financiallog_action... OK
  Applying portal.0001_initial... OK
  Applying portal.0002_rename_portal_supp_branch__9a31d8_idx_portal_supp_branch__f33938_idx_and_more... OK
  Applying portal.0003_supportticket_supportticketcomment... OK
  Applying portal.0004_accountsupportstate_and_account_actions... OK
  Applying portal.0005_branchitsettings... OK
  Applying portal.0006_supportauditlog_action_choices... OK
  Applying portal.0007_it_dashboard_audit_actions... OK
  Applying portal.0008_directorteacherassignment... OK
  Applying portal.0009_teacherdocument... OK
  Applying portal.0010_transferrequest... OK
  Applying portal.0011_directorteacherassignment_room_label... OK
  Applying portal.0012_directorteacherassignment_planned_hours... OK
  Applying portal.0013_teacherdashboardpreference... OK
  Applying portal.0014_archivebatch... OK
  Applying portal.0015_alter_supportauditlog_action_type... OK
  Applying portal.0016_administrativedocument... OK
  Applying secretary.0001_initial... OK
  Applying secretary.0002_registryentry_attachment_registryentry_branch_and_more... OK
  Applying sessions.0001_initial... OK
  Applying shop.0001_initial... OK
  Applying shop.0002_shop_catalog_and_counter_sales... OK
  Applying shop.0003_shop_cash_session_and_payment_agent... OK
  Applying shop.0004_rename_shop_shopcas_expires_6918b4_idx_shop_shopca_expires_9e1c65_idx_and_more... OK
  Applying students.0012_carte_etudiant... OK
  Applying students.0013_alter_studentcase_status_teachercase_convocation_and_more... OK
test_calendar_frontend_page_renders (academics.tests.CalendarFrontendViewTests.test_calendar_frontend_page_renders) 
... 
(process:74040): GLib-GIO-WARNING **: 07:41:33.026: Unexpectedly, UWP app 
`Clipchamp.Clipchamp_4.5.10720.0_x64__yxz26nhyzhsrt' (AUMId `Clipchamp.Clipchamp_yxz26nhyzhsrt!App') supports 41 
extensions but has no verbs
ok

----------------------------------------------------------------------
Ran 1 test in 2.408s

OK
Destroying test database for alias 'default' ('file:memorydb_default?mode=memory&cache=shared')...

  Applying superadmin.0001_initial... OK
System check identified no issues (0 silenced).
